// Jest Snapshot v1, https://goo.gl/fbAQLP

exports[`Calculator snapshot test 1`] = `
<div>
  <div
    className="calculator-wrap"
  >
    <div
      className="calculator-display"
    >
      0
    </div>
    <div
      className="calculator-keys"
    >
      <button
        className="all-clear"
        onClick={[Function]}
        type="button"
        value="all-clear"
      >
        AC
      </button>
      <button
        className="operator"
        onClick={[Function]}
        type="button"
        value="+/-"
      >
        +/-
      </button>
      <button
        className="operator"
        onClick={[Function]}
        type="button"
        value="%"
      >
        %
      </button>
      <button
        className="operator"
        onClick={[Function]}
        type="button"
        value="/"
      >
        รท
      </button>
      <button
        onClick={[Function]}
        type="button"
        value="7"
      >
        7
      </button>
      <button
        onClick={[Function]}
        type="button"
        value="8"
      >
        8
      </button>
      <button
        onClick={[Function]}
        type="button"
        value="9"
      >
        9
      </button>
      <button
        className="operator"
        onClick={[Function]}
        type="button"
        value="x"
      >
        x
      </button>
      <button
        onClick={[Function]}
        type="button"
        value="4"
      >
        4
      </button>
      <button
        onClick={[Function]}
        type="button"
        value="5"
      >
        5
      </button>
      <button
        onClick={[Function]}
        type="button"
        value="6"
      >
        6
      </button>
      <button
        className="operator"
        onClick={[Function]}
        type="button"
        value="-"
      >
        -
      </button>
      <button
        onClick={[Function]}
        type="button"
        value="1"
      >
        1
      </button>
      <button
        onClick={[Function]}
        type="button"
        value="2"
      >
        2
      </button>
      <button
        onClick={[Function]}
        type="button"
        value="3"
      >
        3
      </button>
      <button
        className="operator"
        onClick={[Function]}
        type="button"
        value="+"
      >
        +
      </button>
    </div>
    <div
      className="last-three"
    >
      <button
        className="decimal"
        onClick={[Function]}
        type="button"
        value="0"
      >
        0
      </button>
      <button
        onClick={[Function]}
        type="button"
        value="."
      >
        .
      </button>
      <button
        className="operator"
        onClick={[Function]}
        type="button"
        value="="
      >
        =
      </button>
    </div>
  </div>
</div>
`;
