// Jest Snapshot v1, https://goo.gl/fbAQLP

exports[`Quote SnapShot test  1`] = `
<div>
  <h1
    style={
      Object {
        "fontSize": "3.7rem",
        "fontWeight": "500",
        "lineHeight": "1.5em",
        "marginLeft": "20%",
        "marginRight": "20%",
        "marginTop": "12%",
        "textAlign": "center",
      }
    }
  >
    MatheMatics is not about numbers, equations, computations, or alogorithams : it is about understanding. ~ Wali Muhammad.
  </h1>
</div>
`;
